// Vitest Snapshot v1, https://vitest.dev/guide/snapshot.html

exports[`generation > getOpenscadOptions 1`] = `
{
  "fileName": "",
  "generateMosaic": false,
  "mosaicOptions": {
    "geometry": {
      "border": 2,
      "height": 256,
      "width": 256,
    },
    "tiles": {
      "height": 2,
      "width": 2,
    },
  },
  "onlyParameterSet": "",
  "openScadOptions": {
    "animOptions": {
      "animDelay": 50,
      "animate": 20,
      "animate_sharding": null,
      "autocenter": false,
      "camera": null,
      "colorscheme": "Starnight",
      "csglimit": null,
      "imgsize": {
        "height": 100,
        "width": 100,
      },
      "preview": null,
      "projection": null,
      "render": null,
      "view": null,
      "viewall": false,
    },
    "backend": "Manifold",
    "check_parameter_ranges": false,
    "check_parameters": false,
    "debug": false,
    "experimentalFeatures": {
      "import_function": true,
      "input_driver_dbus": false,
      "lazy_union": true,
      "predictible_output": true,
      "python_engine": false,
      "roof": true,
      "textmetrics": true,
      "vertex_object_renderers_indexing": false,
    },
    "hardwarnings": false,
    "imageOptions": {
      "autocenter": false,
      "camera": null,
      "colorscheme": "Starnight",
      "csglimit": null,
      "imgsize": {
        "height": 1024,
        "width": 1024,
      },
      "preview": null,
      "projection": null,
      "render": null,
      "view": null,
      "viewall": false,
    },
    "openScadExecutable": "openscad",
    "option3mf": {
      "add_meta_data": "true",
      "color": "",
      "color_mode": "model",
      "decimal_precision": "6",
      "material_type": "color",
      "meta_data_copyright": "me 2025",
      "meta_data_description": "__BASE_FILE_NAME__ - __PARAMETER_SET__ (made with OpenSCAD from "file __FILE_NAME__")",
      "meta_data_designer": "me",
      "meta_data_license_terms": "CC BY https://creativecommons.org/licenses/by/4.0/",
      "meta_data_rating": "",
      "meta_data_title": "__BASE_FILE_NAME__ - __PARAMETER_SET__",
      "unit": "millimeter",
    },
    "python_module": null,
    "quiet": false,
    "trust_python": false,
  },
  "outFormats": [
    "png",
    "webp",
    "3mf",
  ],
  "outputDir": "./gen",
  "parallelJobs": 1,
}
`;
